http://www.seloger.com/list.htm?idtt=2&naturebien=1,2,4&idtypebien=1,2&ci=450234&prox=1&tri=initial
http://www.seloger.com/list.htm?idtt=2&naturebien=1,2,4&idtypebien=1,2&ci=370261&prox=1&tri=initial
https://www.google.fr
